[debug] [2026-07-19T18:00:28.948Z] ----------------------------------------------------------------------
[debug] [2026-07-19T18:00:28.950Z] Command:       /usr/local/bin/node /Users/chathura/.npm/_npx/ba4f1959e38407b5/node_modules/.bin/firebase projects:list
[debug] [2026-07-19T18:00:28.950Z] CLI Version:   15.24.0
[debug] [2026-07-19T18:00:28.950Z] Platform:      darwin
[debug] [2026-07-19T18:00:28.950Z] Node Version:  v22.14.0
[debug] [2026-07-19T18:00:28.950Z] Detected Agent: unknown
[debug] [2026-07-19T18:00:28.951Z] Time:          Sun Jul 19 2026 23:30:28 GMT+0530 (India Standard Time)
[debug] [2026-07-19T18:00:28.951Z] ----------------------------------------------------------------------
[debug] 
[debug] [2026-07-19T18:00:28.954Z] > command requires scopes: ["email","openid","https://www.googleapis.com/auth/cloudplatformprojects.readonly","https://www.googleapis.com/auth/firebase","https://www.googleapis.com/auth/cloud-platform"]
[debug] [2026-07-19T18:00:28.954Z] > authorizing via signed-in user (chathurahjm@gmail.com)
[debug] [2026-07-19T18:00:28.959Z] Checked if tokens are valid: false, expires at: 1760604831320
[debug] [2026-07-19T18:00:28.959Z] Checked if tokens are valid: false, expires at: 1760604831320
[debug] [2026-07-19T18:00:28.959Z] > refreshing access token with scopes: []
[debug] [2026-07-19T18:00:28.960Z] >>> [apiv2][query] POST https://www.googleapis.com/oauth2/v3/token [none]
[debug] [2026-07-19T18:00:28.961Z] >>> [apiv2][body] POST https://www.googleapis.com/oauth2/v3/token [omitted]
[debug] [2026-07-19T18:00:29.137Z] <<< [apiv2][status] POST https://www.googleapis.com/oauth2/v3/token 400
[debug] [2026-07-19T18:00:29.137Z] <<< [apiv2][body] POST https://www.googleapis.com/oauth2/v3/token [omitted]
[debug] [2026-07-19T18:00:29.137Z] >>> [apiv2][query] GET https://firebase.googleapis.com/v1beta1/projects pageSize=1000
[debug] [2026-07-19T18:00:29.546Z] <<< [apiv2][status] GET https://firebase.googleapis.com/v1beta1/projects 401
[debug] [2026-07-19T18:00:29.546Z] <<< [apiv2][body] GET https://firebase.googleapis.com/v1beta1/projects [omitted]
[debug] [2026-07-19T18:00:29.546Z] Got a 401 Unauthenticated error for a call that required authentication. Refreshing tokens.
[debug] [2026-07-19T18:00:29.546Z] Checked if tokens are valid: false, expires at: 1760604831320
[debug] [2026-07-19T18:00:29.546Z] Checked if tokens are valid: false, expires at: 1760604831320
[debug] [2026-07-19T18:00:29.547Z] > refreshing access token with scopes: []
[debug] [2026-07-19T18:00:29.549Z] >>> [apiv2][query] POST https://www.googleapis.com/oauth2/v3/token [none]
[debug] [2026-07-19T18:00:29.550Z] >>> [apiv2][body] POST https://www.googleapis.com/oauth2/v3/token [omitted]
[debug] [2026-07-19T18:00:29.609Z] <<< [apiv2][status] POST https://www.googleapis.com/oauth2/v3/token 400
[debug] [2026-07-19T18:00:29.609Z] <<< [apiv2][body] POST https://www.googleapis.com/oauth2/v3/token [omitted]
[debug] [2026-07-19T18:00:29.610Z] Request to https://firebase.googleapis.com/v1beta1/projects?pageSize=1000 had HTTP Error: 401, Request had invalid authentication credentials. Expected OAuth 2 access token, login cookie or other valid authentication credential. See https://developers.google.com/identity/sign-in/web/devconsole-project.
[debug] [2026-07-19T18:00:29.772Z] FirebaseError: Request to https://firebase.googleapis.com/v1beta1/projects?pageSize=1000 had HTTP Error: 401, Request had invalid authentication credentials. Expected OAuth 2 access token, login cookie or other valid authentication credential. See https://developers.google.com/identity/sign-in/web/devconsole-project.
    at responseToError (/Users/chathura/.npm/_npx/ba4f1959e38407b5/node_modules/firebase-tools/lib/responseToError.js:53:12)
    at RetryOperation._fn (/Users/chathura/.npm/_npx/ba4f1959e38407b5/node_modules/firebase-tools/lib/apiv2.js:415:77)
    at process.processTicksAndRejections (node:internal/process/task_queues:105:5)
[error] 
[error] Error: Failed to list Firebase projects. See firebase-debug.log for more info.
[debug] [2026-07-19T18:02:53.326Z] ----------------------------------------------------------------------
[debug] [2026-07-19T18:02:53.328Z] Command:       /usr/local/bin/node /Users/chathura/.npm/_npx/ba4f1959e38407b5/node_modules/.bin/firebase projects:list
[debug] [2026-07-19T18:02:53.329Z] CLI Version:   15.24.0
[debug] [2026-07-19T18:02:53.329Z] Platform:      darwin
[debug] [2026-07-19T18:02:53.329Z] Node Version:  v22.14.0
[debug] [2026-07-19T18:02:53.329Z] Detected Agent: unknown
[debug] [2026-07-19T18:02:53.329Z] Time:          Sun Jul 19 2026 23:32:53 GMT+0530 (India Standard Time)
[debug] [2026-07-19T18:02:53.329Z] ----------------------------------------------------------------------
[debug] 
[debug] [2026-07-19T18:02:53.337Z] > command requires scopes: ["email","openid","https://www.googleapis.com/auth/cloudplatformprojects.readonly","https://www.googleapis.com/auth/firebase","https://www.googleapis.com/auth/cloud-platform"]
[debug] [2026-07-19T18:02:53.337Z] > authorizing via signed-in user (chathurahjm@gmail.com)
[debug] [2026-07-19T18:02:53.354Z] Checked if tokens are valid: false, expires at: 1760604831320
[debug] [2026-07-19T18:02:53.355Z] Checked if tokens are valid: false, expires at: 1760604831320
[debug] [2026-07-19T18:02:53.355Z] > refreshing access token with scopes: []
[debug] [2026-07-19T18:02:53.359Z] >>> [apiv2][query] POST https://www.googleapis.com/oauth2/v3/token [none]
[debug] [2026-07-19T18:02:53.361Z] >>> [apiv2][body] POST https://www.googleapis.com/oauth2/v3/token [omitted]
[debug] [2026-07-19T18:02:53.619Z] <<< [apiv2][status] POST https://www.googleapis.com/oauth2/v3/token 400
[debug] [2026-07-19T18:02:53.619Z] <<< [apiv2][body] POST https://www.googleapis.com/oauth2/v3/token [omitted]
[debug] [2026-07-19T18:02:53.619Z] >>> [apiv2][query] GET https://firebase.googleapis.com/v1beta1/projects pageSize=1000
[debug] [2026-07-19T18:02:54.068Z] <<< [apiv2][status] GET https://firebase.googleapis.com/v1beta1/projects 401
[debug] [2026-07-19T18:02:54.068Z] <<< [apiv2][body] GET https://firebase.googleapis.com/v1beta1/projects [omitted]
[debug] [2026-07-19T18:02:54.068Z] Got a 401 Unauthenticated error for a call that required authentication. Refreshing tokens.
[debug] [2026-07-19T18:02:54.068Z] Checked if tokens are valid: false, expires at: 1760604831320
[debug] [2026-07-19T18:02:54.068Z] Checked if tokens are valid: false, expires at: 1760604831320
[debug] [2026-07-19T18:02:54.068Z] > refreshing access token with scopes: []
[debug] [2026-07-19T18:02:54.069Z] >>> [apiv2][query] POST https://www.googleapis.com/oauth2/v3/token [none]
[debug] [2026-07-19T18:02:54.069Z] >>> [apiv2][body] POST https://www.googleapis.com/oauth2/v3/token [omitted]
[debug] [2026-07-19T18:02:54.129Z] <<< [apiv2][status] POST https://www.googleapis.com/oauth2/v3/token 400
[debug] [2026-07-19T18:02:54.129Z] <<< [apiv2][body] POST https://www.googleapis.com/oauth2/v3/token [omitted]
[debug] [2026-07-19T18:02:54.132Z] Request to https://firebase.googleapis.com/v1beta1/projects?pageSize=1000 had HTTP Error: 401, Request had invalid authentication credentials. Expected OAuth 2 access token, login cookie or other valid authentication credential. See https://developers.google.com/identity/sign-in/web/devconsole-project.
[debug] [2026-07-19T18:02:54.853Z] FirebaseError: Request to https://firebase.googleapis.com/v1beta1/projects?pageSize=1000 had HTTP Error: 401, Request had invalid authentication credentials. Expected OAuth 2 access token, login cookie or other valid authentication credential. See https://developers.google.com/identity/sign-in/web/devconsole-project.
    at responseToError (/Users/chathura/.npm/_npx/ba4f1959e38407b5/node_modules/firebase-tools/lib/responseToError.js:53:12)
    at RetryOperation._fn (/Users/chathura/.npm/_npx/ba4f1959e38407b5/node_modules/firebase-tools/lib/apiv2.js:415:77)
    at process.processTicksAndRejections (node:internal/process/task_queues:105:5)
[error] 
[error] Error: Failed to list Firebase projects. See firebase-debug.log for more info.
